---
source: compiler-core/src/type_/tests/errors.rs
assertion_line: 2304
expression: "\nimport wibble\nconst value: wibble.Int = 20\n"
---
----- SOURCE CODE
-- wibble.rakun
pub type Int

-- main.rakun

import wibble
const value: wibble.Int = 20


----- ERROR
error: Type mismatch
  ┌─ /src/one/two.rakun:3:27
  │
3 │ const value: wibble.Int = 20
  │                           ^^

Expected type:

    wibble.Int

Found type:

    Int
