---
source: compiler-core/src/type_/tests/errors.rs
assertion_line: 130
expression: "let x = <<1:utf8_codepoint-size(5)>> x"
---
----- SOURCE CODE
let x = <<1:utf8_codepoint-size(5)>> x

----- ERROR
error: Invalid bit array segment
  ┌─ /src/one/two.rakun:1:13
  │
1 │ let x = <<1:utf8_codepoint-size(5)>> x
  │             ^^^^^^^^^^^^^^ Size cannot be specified here

Hint: utf8_codepoint segments have an automatic size.
See: https://tour.rakun.run/data-types/bit-arrays/
