---
source: compiler-core/src/type_/tests/errors.rs
assertion_line: 1167
expression: "fn wibble() { 1 }\n\n@external(erlang, \"module2\", \"function2\")\nfn wibble() -> Float\n"
---
----- SOURCE CODE
fn wibble() { 1 }

@external(erlang, "module2", "function2")
fn wibble() -> Float


----- ERROR
error: Duplicate definition
  ┌─ /src/one/two.rakun:1:1
  │
1 │ fn wibble() { 1 }
  │ ^^^^^^^^^^^ First defined here
  ·
4 │ fn wibble() -> Float
  │ ^^^^^^^^^^^ Redefined here

`wibble` has been defined multiple times.
Names in a Rakun module must be unique so one will need to be renamed.
