---
source: compiler-core/src/type_/tests/externals.rs
assertion_line: 216
expression: "import mod.{wobble}"
---
----- SOURCE CODE
-- mod.rakun
@external(javascript, "wibble", "wobble") pub fn wobble()

-- main.rakun
import mod.{wobble}

----- ERROR
error: Unsupported target
  ┌─ /src/one/two.rakun:1:13
  │
1 │ import mod.{wobble}
  │             ^^^^^^

This value is not available as it is defined using externals, and there is
no implementation for the Erlang target.

Hint: Did you mean to build for a different target?
