---
source: compiler-core/src/language_server/tests/action.rs
assertion_line: 546
expression: "pub fn main() {\n    let #(a, secondValue) = #(1, 2)\n}"
---
----- BEFORE ACTION
pub fn main() {
    let #(a, secondValue) = #(1, 2)
             ▔▔▔▔↑                 
}


----- AFTER ACTION
pub fn main() {
    let #(a, second_value) = #(1, 2)
}
