---
source: compiler-core/src/language_server/tests/hover.rs
assertion_line: 1216
expression: "\nimport alias.{type A}\n\nfn wibble() -> Result<Int, String> {\n  todo\n}\n"
---
import alias.{type A}

fn wibble() -> Result<Int, String> {
▔▔▔▔▔▔▔↑▔▔▔▔▔▔▔▔▔▔▔▔▔▔▔▔▔▔▔▔▔▔▔▔▔▔  
  todo
}


----- Hover content -----
Scalar(
    String(
        "```rakun\nfn() -> Result(Int, String)\n```\n",
    ),
)
