---
source: compiler-core/src/language_server/tests/definition.rs
expression: output
---
----- Jumping from `src/app.rakun`

pub type Wibble

pub fn main() {
  fn(w: Wibble) { todo }
         ↑              
}

----- Jumped to `src/app.rakun`

pub type Wibble
↑▔▔▔▔▔▔▔▔▔▔▔▔▔▔

pub fn main() {
  fn(w: Wibble) { todo }
}
