---
source: compiler-core/src/language_server/tests/definition.rs
expression: output
---
----- Jumping from `src/app.rakun`

import example_module.{Var1}
fn main() {
  Var1(1)
   ↑     
}

----- Jumped to `src/example_module.rakun`

pub record Rec {
  Var1(Int)
  ↑▔▔▔▔▔▔▔▔
  Var2(Int, Int)
}
