---
source: compiler-core/src/language_server/tests/action.rs
assertion_line: 432
expression: "fn doStuff() {}"
---
----- BEFORE ACTION
fn doStuff() {}
▔▔▔▔▔▔▔▔▔▔▔▔▔↑ 


----- AFTER ACTION
fn do_stuff() {}
