---
source: compiler-core/src/language_server/tests/definition.rs
assertion_line: 148
expression: output
---
----- Jumping from `src/app.rakun`

import example_module.{my_num}
fn main() {
  my_num
  ↑     
}

----- Jumped to `src/example_module.rakun`
pub const my_num = 1
↑▔▔▔▔▔▔▔▔▔▔▔▔▔▔▔
