---
source: compiler-core/src/language_server/tests/definition.rs
expression: output
---
----- Jumping from `src/app.rakun`

pub fn main() {
  let x = 1
  x
  ↑
}

----- Jumped to `src/app.rakun`

pub fn main() {
  let x = 1
      ↑    
  x
}
