---
source: compiler-core/src/language_server/tests/action.rs
assertion_line: 325
expression: "fn pass(label paramName: Bool) { paramName }"
---
----- BEFORE ACTION
fn pass(label paramName: Bool) { paramName }
              â†‘                             


----- AFTER ACTION
fn pass(label param_name: Bool) { paramName }
