---
source: compiler-core/src/erlang/tests/external_fn.rs
assertion_line: 190
expression: "\n@external(javascript, \"one\", \"one\")\npub fn one(x: List<_>) -> Int {\n  todo\n}\n"
---
----- SOURCE CODE

@external(javascript, "one", "one")
pub fn one(x: List<_>) -> Int {
  todo
}


----- ERROR
error: Unexpected type hole
  ┌─ /src/one/two.rakun:3:20
  │
3 │ pub fn one(x: List<_>) -> Int {
  │                    ^ I need to know what this is

We need to know the exact type here so type holes cannot be used.
