---
source: compiler-core/src/javascript/tests/bit_arrays.rs
assertion_line: 104
expression: "\nfn go() {\n  <<1.1:float-32-little>>\n}\n"
---
----- SOURCE CODE

fn go() {
  <<1.1:float-32-little>>
}


----- COMPILED JAVASCRIPT
import { toBitArray, sizedFloat } from "../rakun.mjs";

function go() {
  return toBitArray([sizedFloat(1.1, 32, false)]);
}
