---
source: compiler-core/src/javascript/tests/bit_arrays.rs
expression: "\nfn go(x, y) {\n  <<x:size(y)>>\n}\n"
---
import { toBitArray, sizedInt } from "../rakun.mjs";

function go(x, y) {
  return toBitArray([sizedInt(x, y, true)]);
}
