---
source: compiler-core/src/javascript/tests/bit_arrays.rs
assertion_line: 137
expression: "\nfn go() {\n  <<256:16-little>>\n}\n"
---
import { toBitArray, sizedInt } from "../rakun.mjs";

function go() {
  return toBitArray([sizedInt(256, 16, false)]);
}
