---
source: compiler-core/src/javascript/tests/case_clause_guards.rs
assertion_line: 524
expression: "fn func(x) {\n    case [] {\n        _ if [] == [ Ok ] -> True\n        _ -> False\n    }\n}\n    "
---
----- SOURCE CODE
fn func(x) {
    case [] {
        _ if [] == [ Ok ] -> True
        _ -> False
    }
}
    

----- COMPILED JAVASCRIPT
import { Ok, toList, isEqual } from "../rakun.mjs";

function func(x) {
  let $ = toList([]);
  if (isEqual(toList([]), toList([(var0) => { return new Ok(var0); }]))) {
    return true;
  } else {
    return false;
  }
}
